
> eventlive@0.1.0 build
> next build

node.exe : [baseline-browser-mapping] The data in this module is over two months old.  To ensure accurate Baseline data
, please update: `npm i baseline-browser-mapping@latest -D`
At line:1 char:1
+ & "C:\Program Files\nodejs/node.exe" "C:\Program Files\nodejs/node_mo ...
+ ~~~~~~~~~~~~~~~~~~~~~~~~~~~~~~~~~~~~~~~~~~~~~~~~~~~~~~~~~~~~~~~~~~~~~
    + CategoryInfo          : NotSpecified: ([baseline-brows...ping@latest -D`:String) [], RemoteException
    + FullyQualifiedErrorId : NativeCommandError
 
   ▲ Next.js 16.0.10 (Turbopack)
   - Environments: .env.local

 ⚠ The "middleware" file convention is deprecated. Please use "proxy" instead. Learn more: https://nextjs.org/docs/mess
ages/middleware-to-proxy
   Creating an optimized production build ...
[baseline-browser-mapping] The data in this module is over two months old.  To ensure accurate Baseline data, please up
date: `npm i baseline-browser-mapping@latest -D`
[baseline-browser-mapping] The data in this module is over two months old.  To ensure accurate Baseline data, please up
date: `npm i baseline-browser-mapping@latest -D`
 ✓ Compiled successfully in 9.0s
   Running TypeScript ...
   Collecting page data using 23 workers ...
[baseline-browser-mapping] The data in this module is over two months old.  To ensure accurate Baseline data, please up
date: `npm i baseline-browser-mapping@latest -D`
[baseline-browser-mapping] The data in this module is over two months old.  To ensure accurate Baseline data, please up
date: `npm i baseline-browser-mapping@latest -D`
[baseline-browser-mapping] The data in this module is over two months old.  To ensure accurate Baseline data, please up
date: `npm i baseline-browser-mapping@latest -D`
[baseline-browser-mapping] The data in this module is over two months old.  To ensure accurate Baseline data, please up
date: `npm i baseline-browser-mapping@latest -D`
[baseline-browser-mapping] The data in this module is over two months old.  To ensure accurate Baseline data, please up
date: `npm i baseline-browser-mapping@latest -D`
[baseline-browser-mapping] The data in this module is over two months old.  To ensure accurate Baseline data, please up
date: `npm i baseline-browser-mapping@latest -D`
[baseline-browser-mapping] The data in this module is over two months old.  To ensure accurate Baseline data, please up
date: `npm i baseline-browser-mapping@latest -D`
[baseline-browser-mapping] The data in this module is over two months old.  To ensure accurate Baseline data, please up
date: `npm i baseline-browser-mapping@latest -D`
[baseline-browser-mapping] The data in this module is over two months old.  To ensure accurate Baseline data, please up
date: `npm i baseline-browser-mapping@latest -D`
[baseline-browser-mapping] The data in this module is over two months old.  To ensure accurate Baseline data, please up
date: `npm i baseline-browser-mapping@latest -D`
[baseline-browser-mapping] The data in this module is over two months old.  To ensure accurate Baseline data, please up
date: `npm i baseline-browser-mapping@latest -D`
[baseline-browser-mapping] The data in this module is over two months old.  To ensure accurate Baseline data, please up
date: `npm i baseline-browser-mapping@latest -D`
[baseline-browser-mapping] The data in this module is over two months old.  To ensure accurate Baseline data, please up
date: `npm i baseline-browser-mapping@latest -D`
[baseline-browser-mapping] The data in this module is over two months old.  To ensure accurate Baseline data, please up
date: `npm i baseline-browser-mapping@latest -D`
[baseline-browser-mapping] The data in this module is over two months old.  To ensure accurate Baseline data, please up
date: `npm i baseline-browser-mapping@latest -D`
[baseline-browser-mapping] The data in this module is over two months old.  To ensure accurate Baseline data, please up
date: `npm i baseline-browser-mapping@latest -D`
[baseline-browser-mapping] The data in this module is over two months old.  To ensure accurate Baseline data, please up
date: `npm i baseline-browser-mapping@latest -D`
[baseline-browser-mapping] The data in this module is over two months old.  To ensure accurate Baseline data, please up
date: `npm i baseline-browser-mapping@latest -D`
[baseline-browser-mapping] The data in this module is over two months old.  To ensure accurate Baseline data, please up
date: `npm i baseline-browser-mapping@latest -D`
[baseline-browser-mapping] The data in this module is over two months old.  To ensure accurate Baseline data, please up
date: `npm i baseline-browser-mapping@latest -D`
[baseline-browser-mapping] The data in this module is over two months old.  To ensure accurate Baseline data, please up
date: `npm i baseline-browser-mapping@latest -D`
[baseline-browser-mapping] The data in this module is over two months old.  To ensure accurate Baseline data, please up
date: `npm i baseline-browser-mapping@latest -D`
[baseline-browser-mapping] The data in this module is over two months old.  To ensure accurate Baseline data, please up
date: `npm i baseline-browser-mapping@latest -D`
   Generating static pages using 23 workers (0/58) ...
[baseline-browser-mapping] The data in this module is over two months old.  To ensure accurate Baseline data, please up
date: `npm i baseline-browser-mapping@latest -D`
[baseline-browser-mapping] The data in this module is over two months old.  To ensure accurate Baseline data, please up
date: `npm i baseline-browser-mapping@latest -D`
[baseline-browser-mapping] The data in this module is over two months old.  To ensure accurate Baseline data, please up
date: `npm i baseline-browser-mapping@latest -D`
[requireAuth] 예상치 못한 오류: Error: Dynamic server usage: Route /super/agencies couldn't be rendered statically because it 
used `cookies`. See more info here: https://nextjs.org/docs/messages/dynamic-server-error
    at q (D:\vibecoding\uslab\EventLive\.next\server\chunks\ssr\_86e7acf1._.js:1:5714)
    at d (D:\vibecoding\uslab\EventLive\.next\server\chunks\ssr\_00ba9ac1._.js:1:9853)
    at e (D:\vibecoding\uslab\EventLive\.next\server\chunks\ssr\_00ba9ac1._.js:1:10371)
    at d (D:\vibecoding\uslab\EventLive\.next\server\chunks\ssr\_4e66fa44._.js:1:140) {
  description: "Route /super/agencies couldn't be rendered statically because it used `cookies`. See more info here: ht
tps://nextjs.org/docs/messages/dynamic-server-error",
  digest: 'DYNAMIC_SERVER_USAGE'
}
[requireAuth] 예상치 못한 오류: Error: Dynamic server usage: Route /super/agencies couldn't be rendered statically because it 
used `cookies`. See more info here: https://nextjs.org/docs/messages/dynamic-server-error
    at q (D:\vibecoding\uslab\EventLive\.next\server\chunks\ssr\_86e7acf1._.js:1:5714)
    at d (D:\vibecoding\uslab\EventLive\.next\server\chunks\ssr\_00ba9ac1._.js:1:9853)
    at e (D:\vibecoding\uslab\EventLive\.next\server\chunks\ssr\_00ba9ac1._.js:1:10371)
    at h (D:\vibecoding\uslab\EventLive\.next\server\chunks\ssr\[root-of-the-server]__8d0afa8b._.js:1:5110) {
  description: "Route /super/agencies couldn't be rendered statically because it used `cookies`. See more info here: ht
tps://nextjs.org/docs/messages/dynamic-server-error",
  digest: 'DYNAMIC_SERVER_USAGE'
}
[requireSuperAdmin] 예상치 못한 오류: Error: Dynamic server usage: Route /super/agencies couldn't be rendered statically becau
se it used `cookies`. See more info here: https://nextjs.org/docs/messages/dynamic-server-error
    at q (D:\vibecoding\uslab\EventLive\.next\server\chunks\ssr\_86e7acf1._.js:1:5714)
    at d (D:\vibecoding\uslab\EventLive\.next\server\chunks\ssr\_00ba9ac1._.js:1:9853)
    at e (D:\vibecoding\uslab\EventLive\.next\server\chunks\ssr\_00ba9ac1._.js:1:10371)
    at d (D:\vibecoding\uslab\EventLive\.next\server\chunks\ssr\_4e66fa44._.js:1:140) {
  description: "Route /super/agencies couldn't be rendered statically because it used `cookies`. See more info here: ht
tps://nextjs.org/docs/messages/dynamic-server-error",
  digest: 'DYNAMIC_SERVER_USAGE'
}
[requireSuperAdmin] 에러 상세: {
  message: "Dynamic server usage: Route /super/agencies couldn't be rendered statically because it used `cookies`. See 
more info here: https://nextjs.org/docs/messages/dynamic-server-error",
  stack: "Error: Dynamic server usage: Route /super/agencies couldn't be rendered statically because it used `cookies`.
 See more info here: https://nextjs.org/docs/messages/dynamic-server-error\n" +
    '    at x (D:\\vibecoding\\uslab\\EventLive\\.next\\server\\chunks\\ssr\\node_modules_next_dist_ef111e68._.js:1:899
3)\n' +
    '    at n (D:\\vibecoding\\uslab\\EventLive\\.next\\server\\chunks\\ssr\\node_modules_next_a12186a1._.js:1:8524)\n'
 +
    '    at q (D:\\vibecoding\\uslab\\EventLive\\.next\\server\\chunks\\ssr\\_86e7acf1._.js:1:5714)\n' +
    '    at d (D:\\vibecoding\\uslab\\EventLive\\.next\\server\\chunks\\ssr\\_00ba9ac1._.js:1:9853)\n' +
    '    at e (D:\\vibecoding\\uslab\\EventLive\\.next\\server\\chunks\\ssr\\_00ba9ac1._.js:1:10371)\n' +
    '    at d (D:\\vibecoding\\uslab\\EventLive\\.next\\server\\chunks\\ssr\\_4e66fa44._.js:1:140)\n' +
    '    at ex (D:\\vibecoding\\uslab\\EventLive\\node_modules\\next\\dist\\compiled\\next-server\\app-page-turbo.runti
me.prod.js:5:27569)\n' +
    '    at e (D:\\vibecoding\\uslab\\EventLive\\node_modules\\next\\dist\\compiled\\next-server\\app-page-turbo.runtim
e.prod.js:5:31669)\n' +
    '    at eF (D:\\vibecoding\\uslab\\EventLive\\node_modules\\next\\dist\\compiled\\next-server\\app-page-turbo.runti
me.prod.js:5:33659)\n' +
    '    at Array.toJSON (D:\\vibecoding\\uslab\\EventLive\\node_modules\\next\\dist\\compiled\\next-server\\app-page-t
urbo.runtime.prod.js:5:29212)',
  name: 'Error'
}
[requireSuperAdmin] 예상치 못한 오류: Error: Dynamic server usage: Route /super/agencies couldn't be rendered statically becau
se it used `cookies`. See more info here: https://nextjs.org/docs/messages/dynamic-server-error
    at q (D:\vibecoding\uslab\EventLive\.next\server\chunks\ssr\_86e7acf1._.js:1:5714)
    at d (D:\vibecoding\uslab\EventLive\.next\server\chunks\ssr\_00ba9ac1._.js:1:9853)
    at e (D:\vibecoding\uslab\EventLive\.next\server\chunks\ssr\_00ba9ac1._.js:1:10371)
    at h (D:\vibecoding\uslab\EventLive\.next\server\chunks\ssr\[root-of-the-server]__8d0afa8b._.js:1:5110) {
  description: "Route /super/agencies couldn't be rendered statically because it used `cookies`. See more info here: ht
tps://nextjs.org/docs/messages/dynamic-server-error",
  digest: 'DYNAMIC_SERVER_USAGE'
}
[requireSuperAdmin] 에러 상세: {
  message: "Dynamic server usage: Route /super/agencies couldn't be rendered statically because it used `cookies`. See 
more info here: https://nextjs.org/docs/messages/dynamic-server-error",
  stack: "Error: Dynamic server usage: Route /super/agencies couldn't be rendered statically because it used `cookies`.
 See more info here: https://nextjs.org/docs/messages/dynamic-server-error\n" +
    '    at x (D:\\vibecoding\\uslab\\EventLive\\.next\\server\\chunks\\ssr\\node_modules_next_dist_ef111e68._.js:1:899
3)\n' +
    '    at n (D:\\vibecoding\\uslab\\EventLive\\.next\\server\\chunks\\ssr\\node_modules_next_a12186a1._.js:1:8524)\n'
 +
    '    at q (D:\\vibecoding\\uslab\\EventLive\\.next\\server\\chunks\\ssr\\_86e7acf1._.js:1:5714)\n' +
    '    at d (D:\\vibecoding\\uslab\\EventLive\\.next\\server\\chunks\\ssr\\_00ba9ac1._.js:1:9853)\n' +
    '    at e (D:\\vibecoding\\uslab\\EventLive\\.next\\server\\chunks\\ssr\\_00ba9ac1._.js:1:10371)\n' +
    '    at h (D:\\vibecoding\\uslab\\EventLive\\.next\\server\\chunks\\ssr\\[root-of-the-server]__8d0afa8b._.js:1:5110
)\n' +
    '    at ex (D:\\vibecoding\\uslab\\EventLive\\node_modules\\next\\dist\\compiled\\next-server\\app-page-turbo.runti
me.prod.js:5:27569)\n' +
    '    at e (D:\\vibecoding\\uslab\\EventLive\\node_modules\\next\\dist\\compiled\\next-server\\app-page-turbo.runtim
e.prod.js:5:31669)\n' +
    '    at eF (D:\\vibecoding\\uslab\\EventLive\\node_modules\\next\\dist\\compiled\\next-server\\app-page-turbo.runti
me.prod.js:5:33659)\n' +
    '    at Array.toJSON (D:\\vibecoding\\uslab\\EventLive\\node_modules\\next\\dist\\compiled\\next-server\\app-page-t
urbo.runtime.prod.js:5:29212)',
  name: 'Error'
}
   Generating static pages using 23 workers (14/58) 
[requireAuth] 예상치 못한 오류: Error: Dynamic server usage: Route /super/clients couldn't be rendered statically because it u
sed `cookies`. See more info here: https://nextjs.org/docs/messages/dynamic-server-error
    at q (D:\vibecoding\uslab\EventLive\.next\server\chunks\ssr\_86e7acf1._.js:1:5714)
    at d (D:\vibecoding\uslab\EventLive\.next\server\chunks\ssr\_00ba9ac1._.js:1:9853)
    at e (D:\vibecoding\uslab\EventLive\.next\server\chunks\ssr\_00ba9ac1._.js:1:10371)
    at d (D:\vibecoding\uslab\EventLive\.next\server\chunks\ssr\_4e66fa44._.js:1:140) {
  description: "Route /super/clients couldn't be rendered statically because it used `cookies`. See more info here: htt
ps://nextjs.org/docs/messages/dynamic-server-error",
  digest: 'DYNAMIC_SERVER_USAGE'
}
[requireAuth] 예상치 못한 오류: Error: Dynamic server usage: Route /super/clients couldn't be rendered statically because it u
sed `cookies`. See more info here: https://nextjs.org/docs/messages/dynamic-server-error
    at q (D:\vibecoding\uslab\EventLive\.next\server\chunks\ssr\_86e7acf1._.js:1:5714)
    at d (D:\vibecoding\uslab\EventLive\.next\server\chunks\ssr\_00ba9ac1._.js:1:9853)
    at e (D:\vibecoding\uslab\EventLive\.next\server\chunks\ssr\_00ba9ac1._.js:1:10371)
    at g (D:\vibecoding\uslab\EventLive\.next\server\chunks\ssr\[root-of-the-server]__f835d9d2._.js:1:3992) {
  description: "Route /super/clients couldn't be rendered statically because it used `cookies`. See more info here: htt
ps://nextjs.org/docs/messages/dynamic-server-error",
  digest: 'DYNAMIC_SERVER_USAGE'
}
[requireSuperAdmin] 예상치 못한 오류: Error: Dynamic server usage: Route /super/clients couldn't be rendered statically becaus
e it used `cookies`. See more info here: https://nextjs.org/docs/messages/dynamic-server-error
    at q (D:\vibecoding\uslab\EventLive\.next\server\chunks\ssr\_86e7acf1._.js:1:5714)
    at d (D:\vibecoding\uslab\EventLive\.next\server\chunks\ssr\_00ba9ac1._.js:1:9853)
    at e (D:\vibecoding\uslab\EventLive\.next\server\chunks\ssr\_00ba9ac1._.js:1:10371)
    at d (D:\vibecoding\uslab\EventLive\.next\server\chunks\ssr\_4e66fa44._.js:1:140) {
  description: "Route /super/clients couldn't be rendered statically because it used `cookies`. See more info here: htt
ps://nextjs.org/docs/messages/dynamic-server-error",
  digest: 'DYNAMIC_SERVER_USAGE'
}
[requireSuperAdmin] 에러 상세: {
  message: "Dynamic server usage: Route /super/clients couldn't be rendered statically because it used `cookies`. See m
ore info here: https://nextjs.org/docs/messages/dynamic-server-error",
  stack: "Error: Dynamic server usage: Route /super/clients couldn't be rendered statically because it used `cookies`. 
See more info here: https://nextjs.org/docs/messages/dynamic-server-error\n" +
    '    at x (D:\\vibecoding\\uslab\\EventLive\\.next\\server\\chunks\\ssr\\node_modules_next_dist_ef111e68._.js:1:899
3)\n' +
    '    at n (D:\\vibecoding\\uslab\\EventLive\\.next\\server\\chunks\\ssr\\node_modules_next_a12186a1._.js:1:8524)\n'
 +
    '    at q (D:\\vibecoding\\uslab\\EventLive\\.next\\server\\chunks\\ssr\\_86e7acf1._.js:1:5714)\n' +
    '    at d (D:\\vibecoding\\uslab\\EventLive\\.next\\server\\chunks\\ssr\\_00ba9ac1._.js:1:9853)\n' +
    '    at e (D:\\vibecoding\\uslab\\EventLive\\.next\\server\\chunks\\ssr\\_00ba9ac1._.js:1:10371)\n' +
    '    at d (D:\\vibecoding\\uslab\\EventLive\\.next\\server\\chunks\\ssr\\_4e66fa44._.js:1:140)\n' +
    '    at ex (D:\\vibecoding\\uslab\\EventLive\\node_modules\\next\\dist\\compiled\\next-server\\app-page-turbo.runti
me.prod.js:5:27569)\n' +
    '    at e (D:\\vibecoding\\uslab\\EventLive\\node_modules\\next\\dist\\compiled\\next-server\\app-page-turbo.runtim
e.prod.js:5:31669)\n' +
    '    at eF (D:\\vibecoding\\uslab\\EventLive\\node_modules\\next\\dist\\compiled\\next-server\\app-page-turbo.runti
me.prod.js:5:33659)\n' +
    '    at Array.toJSON (D:\\vibecoding\\uslab\\EventLive\\node_modules\\next\\dist\\compiled\\next-server\\app-page-t
urbo.runtime.prod.js:5:29212)',
  name: 'Error'
}
[requireSuperAdmin] 예상치 못한 오류: Error: Dynamic server usage: Route /super/clients couldn't be rendered statically becaus
e it used `cookies`. See more info here: https://nextjs.org/docs/messages/dynamic-server-error
    at q (D:\vibecoding\uslab\EventLive\.next\server\chunks\ssr\_86e7acf1._.js:1:5714)
    at d (D:\vibecoding\uslab\EventLive\.next\server\chunks\ssr\_00ba9ac1._.js:1:9853)
    at e (D:\vibecoding\uslab\EventLive\.next\server\chunks\ssr\_00ba9ac1._.js:1:10371)
    at g (D:\vibecoding\uslab\EventLive\.next\server\chunks\ssr\[root-of-the-server]__f835d9d2._.js:1:3992) {
  description: "Route /super/clients couldn't be rendered statically because it used `cookies`. See more info here: htt
ps://nextjs.org/docs/messages/dynamic-server-error",
  digest: 'DYNAMIC_SERVER_USAGE'
}
[requireSuperAdmin] 에러 상세: {
  message: "Dynamic server usage: Route /super/clients couldn't be rendered statically because it used `cookies`. See m
ore info here: https://nextjs.org/docs/messages/dynamic-server-error",
  stack: "Error: Dynamic server usage: Route /super/clients couldn't be rendered statically because it used `cookies`. 
See more info here: https://nextjs.org/docs/messages/dynamic-server-error\n" +
    '    at x (D:\\vibecoding\\uslab\\EventLive\\.next\\server\\chunks\\ssr\\node_modules_next_dist_ef111e68._.js:1:899
3)\n' +
    '    at n (D:\\vibecoding\\uslab\\EventLive\\.next\\server\\chunks\\ssr\\node_modules_next_a12186a1._.js:1:8524)\n'
 +
    '    at q (D:\\vibecoding\\uslab\\EventLive\\.next\\server\\chunks\\ssr\\_86e7acf1._.js:1:5714)\n' +
    '    at d (D:\\vibecoding\\uslab\\EventLive\\.next\\server\\chunks\\ssr\\_00ba9ac1._.js:1:9853)\n' +
    '    at e (D:\\vibecoding\\uslab\\EventLive\\.next\\server\\chunks\\ssr\\_00ba9ac1._.js:1:10371)\n' +
    '    at g (D:\\vibecoding\\uslab\\EventLive\\.next\\server\\chunks\\ssr\\[root-of-the-server]__f835d9d2._.js:1:3992
)\n' +
    '    at ex (D:\\vibecoding\\uslab\\EventLive\\node_modules\\next\\dist\\compiled\\next-server\\app-page-turbo.runti
me.prod.js:5:27569)\n' +
    '    at e (D:\\vibecoding\\uslab\\EventLive\\node_modules\\next\\dist\\compiled\\next-server\\app-page-turbo.runtim
e.prod.js:5:31669)\n' +
    '    at eF (D:\\vibecoding\\uslab\\EventLive\\node_modules\\next\\dist\\compiled\\next-server\\app-page-turbo.runti
me.prod.js:5:33659)\n' +
    '    at Array.toJSON (D:\\vibecoding\\uslab\\EventLive\\node_modules\\next\\dist\\compiled\\next-server\\app-page-t
urbo.runtime.prod.js:5:29212)',
  name: 'Error'
}
[requireAuth] 예상치 못한 오류: Error: Dynamic server usage: Route /super/dashboard couldn't be rendered statically because it
 used `cookies`. See more info here: https://nextjs.org/docs/messages/dynamic-server-error
    at q (D:\vibecoding\uslab\EventLive\.next\server\chunks\ssr\_86e7acf1._.js:1:5714)
    at d (D:\vibecoding\uslab\EventLive\.next\server\chunks\ssr\_00ba9ac1._.js:1:9853)
    at e (D:\vibecoding\uslab\EventLive\.next\server\chunks\ssr\_00ba9ac1._.js:1:10371)
    at d (D:\vibecoding\uslab\EventLive\.next\server\chunks\ssr\_4e66fa44._.js:1:140) {
  description: "Route /super/dashboard couldn't be rendered statically because it used `cookies`. See more info here: h
ttps://nextjs.org/docs/messages/dynamic-server-error",
  digest: 'DYNAMIC_SERVER_USAGE'
}
[requireAuth] 예상치 못한 오류: Error: Dynamic server usage: Route /super/dashboard couldn't be rendered statically because it
 used `cookies`. See more info here: https://nextjs.org/docs/messages/dynamic-server-error
    at q (D:\vibecoding\uslab\EventLive\.next\server\chunks\ssr\_86e7acf1._.js:1:5714)
    at d (D:\vibecoding\uslab\EventLive\.next\server\chunks\ssr\_00ba9ac1._.js:1:9853)
    at e (D:\vibecoding\uslab\EventLive\.next\server\chunks\ssr\_00ba9ac1._.js:1:10371)
    at f (D:\vibecoding\uslab\EventLive\.next\server\chunks\ssr\[root-of-the-server]__ed3febb3._.js:1:2890) {
  description: "Route /super/dashboard couldn't be rendered statically because it used `cookies`. See more info here: h
ttps://nextjs.org/docs/messages/dynamic-server-error",
  digest: 'DYNAMIC_SERVER_USAGE'
}
[requireSuperAdmin] 예상치 못한 오류: Error: Dynamic server usage: Route /super/dashboard couldn't be rendered statically beca
use it used `cookies`. See more info here: https://nextjs.org/docs/messages/dynamic-server-error
    at q (D:\vibecoding\uslab\EventLive\.next\server\chunks\ssr\_86e7acf1._.js:1:5714)
    at d (D:\vibecoding\uslab\EventLive\.next\server\chunks\ssr\_00ba9ac1._.js:1:9853)
    at e (D:\vibecoding\uslab\EventLive\.next\server\chunks\ssr\_00ba9ac1._.js:1:10371)
    at d (D:\vibecoding\uslab\EventLive\.next\server\chunks\ssr\_4e66fa44._.js:1:140) {
  description: "Route /super/dashboard couldn't be rendered statically because it used `cookies`. See more info here: h
ttps://nextjs.org/docs/messages/dynamic-server-error",
  digest: 'DYNAMIC_SERVER_USAGE'
}
[requireSuperAdmin] 에러 상세: {
  message: "Dynamic server usage: Route /super/dashboard couldn't be rendered statically because it used `cookies`. See
 more info here: https://nextjs.org/docs/messages/dynamic-server-error",
  stack: "Error: Dynamic server usage: Route /super/dashboard couldn't be rendered statically because it used `cookies`
. See more info here: https://nextjs.org/docs/messages/dynamic-server-error\n" +
    '    at x (D:\\vibecoding\\uslab\\EventLive\\.next\\server\\chunks\\ssr\\node_modules_next_dist_ef111e68._.js:1:899
3)\n' +
    '    at n (D:\\vibecoding\\uslab\\EventLive\\.next\\server\\chunks\\ssr\\node_modules_next_a12186a1._.js:1:8524)\n'
 +
    '    at q (D:\\vibecoding\\uslab\\EventLive\\.next\\server\\chunks\\ssr\\_86e7acf1._.js:1:5714)\n' +
    '    at d (D:\\vibecoding\\uslab\\EventLive\\.next\\server\\chunks\\ssr\\_00ba9ac1._.js:1:9853)\n' +
    '    at e (D:\\vibecoding\\uslab\\EventLive\\.next\\server\\chunks\\ssr\\_00ba9ac1._.js:1:10371)\n' +
    '    at d (D:\\vibecoding\\uslab\\EventLive\\.next\\server\\chunks\\ssr\\_4e66fa44._.js:1:140)\n' +
    '    at ex (D:\\vibecoding\\uslab\\EventLive\\node_modules\\next\\dist\\compiled\\next-server\\app-page-turbo.runti
me.prod.js:5:27569)\n' +
    '    at e (D:\\vibecoding\\uslab\\EventLive\\node_modules\\next\\dist\\compiled\\next-server\\app-page-turbo.runtim
e.prod.js:5:31669)\n' +
    '    at eF (D:\\vibecoding\\uslab\\EventLive\\node_modules\\next\\dist\\compiled\\next-server\\app-page-turbo.runti
me.prod.js:5:33659)\n' +
    '    at Array.toJSON (D:\\vibecoding\\uslab\\EventLive\\node_modules\\next\\dist\\compiled\\next-server\\app-page-t
urbo.runtime.prod.js:5:29212)',
  name: 'Error'
}
[requireSuperAdmin] 예상치 못한 오류: Error: Dynamic server usage: Route /super/dashboard couldn't be rendered statically beca
use it used `cookies`. See more info here: https://nextjs.org/docs/messages/dynamic-server-error
    at q (D:\vibecoding\uslab\EventLive\.next\server\chunks\ssr\_86e7acf1._.js:1:5714)
    at d (D:\vibecoding\uslab\EventLive\.next\server\chunks\ssr\_00ba9ac1._.js:1:9853)
    at e (D:\vibecoding\uslab\EventLive\.next\server\chunks\ssr\_00ba9ac1._.js:1:10371)
    at f (D:\vibecoding\uslab\EventLive\.next\server\chunks\ssr\[root-of-the-server]__ed3febb3._.js:1:2890) {
  description: "Route /super/dashboard couldn't be rendered statically because it used `cookies`. See more info here: h
ttps://nextjs.org/docs/messages/dynamic-server-error",
  digest: 'DYNAMIC_SERVER_USAGE'
}
[requireSuperAdmin] 에러 상세: {
  message: "Dynamic server usage: Route /super/dashboard couldn't be rendered statically because it used `cookies`. See
 more info here: https://nextjs.org/docs/messages/dynamic-server-error",
  stack: "Error: Dynamic server usage: Route /super/dashboard couldn't be rendered statically because it used `cookies`
. See more info here: https://nextjs.org/docs/messages/dynamic-server-error\n" +
    '    at x (D:\\vibecoding\\uslab\\EventLive\\.next\\server\\chunks\\ssr\\node_modules_next_dist_ef111e68._.js:1:899
3)\n' +
    '    at n (D:\\vibecoding\\uslab\\EventLive\\.next\\server\\chunks\\ssr\\node_modules_next_a12186a1._.js:1:8524)\n'
 +
    '    at q (D:\\vibecoding\\uslab\\EventLive\\.next\\server\\chunks\\ssr\\_86e7acf1._.js:1:5714)\n' +
    '    at d (D:\\vibecoding\\uslab\\EventLive\\.next\\server\\chunks\\ssr\\_00ba9ac1._.js:1:9853)\n' +
    '    at e (D:\\vibecoding\\uslab\\EventLive\\.next\\server\\chunks\\ssr\\_00ba9ac1._.js:1:10371)\n' +
    '    at f (D:\\vibecoding\\uslab\\EventLive\\.next\\server\\chunks\\ssr\\[root-of-the-server]__ed3febb3._.js:1:2890
)\n' +
    '    at ex (D:\\vibecoding\\uslab\\EventLive\\node_modules\\next\\dist\\compiled\\next-server\\app-page-turbo.runti
me.prod.js:5:27569)\n' +
    '    at e (D:\\vibecoding\\uslab\\EventLive\\node_modules\\next\\dist\\compiled\\next-server\\app-page-turbo.runtim
e.prod.js:5:31669)\n' +
    '    at eF (D:\\vibecoding\\uslab\\EventLive\\node_modules\\next\\dist\\compiled\\next-server\\app-page-turbo.runti
me.prod.js:5:33659)\n' +
    '    at Array.toJSON (D:\\vibecoding\\uslab\\EventLive\\node_modules\\next\\dist\\compiled\\next-server\\app-page-t
urbo.runtime.prod.js:5:29212)',
  name: 'Error'
}
   Generating static pages using 23 workers (28/58) 
   Generating static pages using 23 workers (43/58) 
 ✓ Generating static pages using 23 workers (58/58) in 958.0ms
   Finalizing page optimization ...

Route (app)
┌ ƒ /
├ ○ /_not-found
├ ○ /admin
├ ƒ /agency/[agencyId]/clients
├ ƒ /agency/[agencyId]/dashboard
├ ƒ /agency/[agencyId]/domains
├ ƒ /agency/[agencyId]/reports
├ ƒ /api/admin/migrate
├ ƒ /api/admin/set-super-admin
├ ƒ /api/agencies/create
├ ƒ /api/agencies/create-self
├ ƒ /api/auth/dashboard
├ ƒ /api/auth/email-signup
├ ƒ /api/auth/guest
├ ƒ /api/auth/refresh-jwt
├ ƒ /api/client/[clientId]/notes
├ ƒ /api/client/[clientId]/notes/[noteId]
├ ƒ /api/client/[clientId]/notes/[noteId]/comments
├ ƒ /api/client/[clientId]/notes/[noteId]/comments/[commentId]
├ ƒ /api/client/[clientId]/notes/[noteId]/pin
├ ƒ /api/client/[clientId]/sidebar-data
├ ƒ /api/client/emails
├ ƒ /api/client/emails/[id]
├ ƒ /api/client/emails/[id]/approve
├ ƒ /api/client/emails/[id]/audience-list
├ ƒ /api/client/emails/[id]/audience-preview
├ ƒ /api/client/emails/[id]/cancel
├ ƒ /api/client/emails/[id]/cancel-approval
├ ƒ /api/client/emails/[id]/reset-stuck
├ ƒ /api/client/emails/[id]/send
├ ƒ /api/client/emails/[id]/test-send
├ ƒ /api/client/emails/generate
├ ƒ /api/client/emails/policy
├ ƒ /api/client/images
├ ƒ /api/clients/[clientId]
├ ƒ /api/clients/[clientId]/branding
├ ƒ /api/clients/[clientId]/campaigns/links
├ ƒ /api/clients/[clientId]/campaigns/links/[linkId]
├ ƒ /api/clients/[clientId]/campaigns/links/[linkId]/stats
├ ƒ /api/clients/[clientId]/campaigns/summary
├ ƒ /api/clients/[clientId]/invite
├ ƒ /api/clients/[clientId]/members
├ ƒ /api/clients/[clientId]/statistics/overview
├ ƒ /api/clients/create
├ ƒ /api/clients/create-self
├ ƒ /api/clients/invite
├ ƒ /api/clients/invite-info
├ ƒ /api/cron/aggregate-marketing-stats
├ ƒ /api/cron/webinar-access-snapshot
├ ƒ /api/domains/[domainId]
├ ƒ /api/domains/[domainId]/verify
├ ƒ /api/domains/create
├ ƒ /api/event-survey/campaigns/[campaignId]
├ ƒ /api/event-survey/campaigns/[campaignId]/analysis-guidelines
├ ƒ /api/event-survey/campaigns/[campaignId]/analysis-guidelines/[guidelineId]
├ ƒ /api/event-survey/campaigns/[campaignId]/analysis-guidelines/[guidelineId]/compile
├ ƒ /api/event-survey/campaigns/[campaignId]/analysis-guidelines/[guidelineId]/download.md
├ ƒ /api/event-survey/campaigns/[campaignId]/analysis-guidelines/[guidelineId]/publish
├ ƒ /api/event-survey/campaigns/[campaignId]/analysis-guidelines/[guidelineId]/validate
├ ƒ /api/event-survey/campaigns/[campaignId]/analysis-guidelines/generate
├ ƒ /api/event-survey/campaigns/[campaignId]/analysis/generate
├ ƒ /api/event-survey/campaigns/[campaignId]/analysis/latest
├ ƒ /api/event-survey/campaigns/[campaignId]/analysis/reports
├ ƒ /api/event-survey/campaigns/[campaignId]/analysis/reports/[reportId]
├ ƒ /api/event-survey/campaigns/[campaignId]/analysis/reports/[reportId]/download.md
├ ƒ /api/event-survey/campaigns/[campaignId]/analysis/reports/[reportId]/download.pdf
├ ƒ /api/event-survey/campaigns/[campaignId]/analysis/reports/[reportId]/toggle-public
├ ƒ /api/event-survey/campaigns/[campaignId]/create-sample-form
├ ƒ /api/event-survey/campaigns/[campaignId]/entries
├ ƒ /api/event-survey/campaigns/[campaignId]/entries/[entryId]/answers
├ ƒ /api/event-survey/campaigns/[campaignId]/entries/[entryId]/prize
├ ƒ /api/event-survey/campaigns/[campaignId]/forms/[formId]
├ ƒ /api/event-survey/campaigns/[campaignId]/generate-dashboard-code
├ ƒ /api/event-survey/campaigns/[campaignId]/generate-sample-data
├ ƒ /api/event-survey/campaigns/[campaignId]/meta-thumbnail/upload
├ ƒ /api/event-survey/campaigns/[campaignId]/question-stats
├ ƒ /api/event-survey/campaigns/create
├ ƒ /api/event-survey/campaigns/list
├ ƒ /api/forms/list
├ ƒ /api/health/visit-tracking
├ ƒ /api/messages/[messageId]
├ ƒ /api/messages/create
├ ƒ /api/ondemand/[id]/check-registration
├ ƒ /api/ondemand/create
├ ƒ /api/profile/change-password
├ ƒ /api/profile/update
├ ƒ /api/profiles/[userId]
├ ƒ /api/public/campaigns/[campaignId]/visit
├ ƒ /api/public/event-survey/[campaignId]/lookup
├ ƒ /api/public/event-survey/[campaignId]/lookup-email
├ ƒ /api/public/event-survey/[campaignId]/register
├ ƒ /api/public/event-survey/[campaignId]/scan
├ ƒ /api/public/event-survey/[campaignId]/submit
├ ƒ /api/public/event-survey/[campaignId]/verified-entries
├ ƒ /api/public/event-survey/campaigns/[campaignId]/analysis/reports
├ ƒ /api/public/event-survey/campaigns/[campaignId]/analysis/reports/[reportId]
├ ƒ /api/public/event-survey/campaigns/[campaignId]/entries
├ ƒ /api/public/event-survey/campaigns/[campaignId]/entries/[entryId]/prize
├ ƒ /api/public/event-survey/campaigns/[campaignId]/question-stats
├ ƒ /api/public/event-survey/campaigns/[campaignId]/stats
├ ƒ /api/public/event-survey/resolve
├ ƒ /api/public/unsubscribe
├ ƒ /api/public/webinars/[webinarId]/registrants
├ ƒ /api/questions/[questionId]
├ ƒ /api/questions/create
├ ƒ /api/report/export
├ ƒ /api/reports/chart-data
├ ƒ /api/reports/stats
├ ƒ /api/super/agencies/[agencyId]
├ ƒ /api/super/clients/[clientId]
├ ƒ /api/super/sidebar-data
├ ƒ /api/upload
├ ƒ /api/user/organizations
├ ƒ /api/webinars/[webinarId]
├ ƒ /api/webinars/[webinarId]/access/log
├ ƒ /api/webinars/[webinarId]/access/track
├ ƒ /api/webinars/[webinarId]/allowed-emails
├ ƒ /api/webinars/[webinarId]/check-admin
├ ƒ /api/webinars/[webinarId]/check-registration
├ ƒ /api/webinars/[webinarId]/enter
├ ƒ /api/webinars/[webinarId]/files
├ ƒ /api/webinars/[webinarId]/files/[fileId]
├ ƒ /api/webinars/[webinarId]/files/[fileId]/download
├ ƒ /api/webinars/[webinarId]/files/upload
├ ƒ /api/webinars/[webinarId]/forms
├ ƒ /api/webinars/[webinarId]/forms/[formId]
├ ƒ /api/webinars/[webinarId]/forms/[formId]/results
├ ƒ /api/webinars/[webinarId]/forms/[formId]/status
├ ƒ /api/webinars/[webinarId]/forms/[formId]/submit
├ ƒ /api/webinars/[webinarId]/forms/create
├ ƒ /api/webinars/[webinarId]/generate-dashboard-code
├ ƒ /api/webinars/[webinarId]/giveaways
├ ƒ /api/webinars/[webinarId]/giveaways/[giveawayId]
├ ƒ /api/webinars/[webinarId]/giveaways/[giveawayId]/commit
├ ƒ /api/webinars/[webinarId]/giveaways/[giveawayId]/draw
├ ƒ /api/webinars/[webinarId]/giveaways/[giveawayId]/enter
├ ƒ /api/webinars/[webinarId]/giveaways/[giveawayId]/results
├ ƒ /api/webinars/[webinarId]/giveaways/create
├ ƒ /api/webinars/[webinarId]/messages
├ ƒ /api/webinars/[webinarId]/meta-thumbnail/upload
├ ƒ /api/webinars/[webinarId]/presence/ping
├ ƒ /api/webinars/[webinarId]/questions
├ ƒ /api/webinars/[webinarId]/register
├ ƒ /api/webinars/[webinarId]/register-request
├ ƒ /api/webinars/[webinarId]/registrants
├ ƒ /api/webinars/[webinarId]/short-link
├ ƒ /api/webinars/[webinarId]/stats
├ ƒ /api/webinars/[webinarId]/stats/access
├ ƒ /api/webinars/[webinarId]/stats/chat
├ ƒ /api/webinars/[webinarId]/stats/files
├ ƒ /api/webinars/[webinarId]/stats/forms
├ ƒ /api/webinars/[webinarId]/stats/giveaways
├ ƒ /api/webinars/[webinarId]/stats/qa
├ ƒ /api/webinars/[webinarId]/stats/registrants
├ ƒ /api/webinars/[webinarId]/stats/survey
├ ƒ /api/webinars/[webinarId]/thumbnail/upload
├ ƒ /api/webinars/[webinarId]/workspace-info
├ ƒ /api/webinars/active
├ ƒ /api/webinars/create
├ ƒ /api/webinars/list
├ ƒ /client/[clientId]/accounts
├ ƒ /client/[clientId]/campaigns
├ ƒ /client/[clientId]/dashboard
├ ƒ /client/[clientId]/notes
├ ƒ /client/[clientId]/notes/[noteId]
├ ƒ /client/[clientId]/notes/[noteId]/edit
├ ƒ /client/[clientId]/notes/new
├ ƒ /client/[clientId]/ondemand/new
├ ƒ /client/[clientId]/registrations/new
├ ƒ /client/[clientId]/settings/branding
├ ƒ /client/[clientId]/surveys
├ ƒ /client/[clientId]/surveys/[campaignId]
├ ƒ /client/[clientId]/surveys/new
├ ƒ /client/[clientId]/webinars
├ ƒ /client/[clientId]/webinars/[webinarId]
├ ƒ /client/[clientId]/webinars/new
├ ƒ /event/[...path]
├ ƒ /event/dashboard/[code]
├ ○ /login
├ ƒ /ondemand/[id]
├ ƒ /ondemand/[id]/register
├ ƒ /ondemand/[id]/watch
├ ƒ /ondemand/[id]/watch/[sessionKey]
├ ○ /privacy
├ ○ /reset-password
├ ○ /reset-password/confirm
├ ƒ /s/[code]
├ ○ /settings/profile
├ ○ /signup
├ ○ /signup/agency
├ ○ /signup/client
├ ƒ /super/agencies
├ ƒ /super/clients
├ ƒ /super/dashboard
├ ○ /test/content-editor
├ ○ /test/editor
├ ○ /test/survey
├ ○ /unsubscribe
├ ○ /webinar
├ ƒ /webinar/[id]
├ ƒ /webinar/[id]/console
├ ƒ /webinar/[id]/enter
├ ƒ /webinar/[id]/live
├ ƒ /webinar/[id]/register
├ ƒ /webinar/[id]/registrants
├ ƒ /webinar/[id]/stats
├ ƒ /webinar/dashboard/[code]
├ ƒ /webinarform/wert
└ ○ /wert


ƒ Proxy (Middleware)

○  (Static)   prerendered as static content
ƒ  (Dynamic)  server-rendered on demand

